// Jest Snapshot v1, https://goo.gl/fbAQLP

exports[`Card tests Card should match the snapshot 1`] = `
ShallowWrapper {
  "length": 1,
  Symbol(enzyme.__root__): [Circular],
  Symbol(enzyme.__unrendered__): <Card
    houseData={
        Object {
            "ancestralWeapons": Array [
              "Lady Forlorn",
            ],
            "cadetBranches": Array [],
            "coatOfArms": "Three black ravens in flight, holding three red hearts, on a white field(Argent, three ravens volant sable, each clutching in their claws a heart gules)",
            "currentLord": "https://www.anapioficeandfire.com/api/characters/681",
            "diedOut": "",
            "founded": "",
            "founder": "https://www.anapioficeandfire.com/api/characters/256",
            "heir": "https://www.anapioficeandfire.com/api/characters/677",
            "name": "House Corbray of Heart's Home",
            "overlord": "https://www.anapioficeandfire.com/api/houses/7",
            "region": "",
            "seats": Array [
              "Heart's Home",
            ],
            "swornMembers": Array [
              "https://www.anapioficeandfire.com/api/characters/255",
              "https://www.anapioficeandfire.com/api/characters/256",
              "https://www.anapioficeandfire.com/api/characters/447",
              "https://www.anapioficeandfire.com/api/characters/654",
              "https://www.anapioficeandfire.com/api/characters/677",
              "https://www.anapioficeandfire.com/api/characters/681",
              "https://www.anapioficeandfire.com/api/characters/871",
              "https://www.anapioficeandfire.com/api/characters/1182",
            ],
            "titles": Array [
              "Lord of Heart's Home",
              "King of the Fingers (historical)",
            ],
            "url": "https://www.anapioficeandfire.com/api/houses/81",
            "words": "",
          }
    }
/>,
  Symbol(enzyme.__renderer__): Object {
    "batchedUpdates": [Function],
    "getNode": [Function],
    "render": [Function],
    "simulateEvent": [Function],
    "unmount": [Function],
  },
  Symbol(enzyme.__node__): Object {
    "instance": null,
    "key": undefined,
    "nodeType": "host",
    "props": Object {
      "children": Array [
        <h2>
          House Corbray of Heart's Home
</h2>,
        <div>
          Founded: 
          N/A
</div>,
        <div>
          Words 
          N/A
</div>,
        Array [
          <div>
            Title: 
            Lord of Heart's Home
</div>,
          <div>
            Title: 
            King of the Fingers (historical)
</div>,
        ],
        Array [
          <div>
            Seat: 
            Heart's Home
</div>,
        ],
        <div>
          Coat of Arms: 
          Three black ravens in flight, holding three red hearts, on a white field(Argent, three ravens volant sable, each clutching in their claws a heart gules)
</div>,
        Array [
          <div>
            Weapon: 
            Lady Forlorn
</div>,
        ],
      ],
      "className": "Card",
    },
    "ref": null,
    "rendered": Array [
      Object {
        "instance": null,
        "key": undefined,
        "nodeType": "host",
        "props": Object {
          "children": "House Corbray of Heart's Home",
        },
        "ref": null,
        "rendered": "House Corbray of Heart's Home",
        "type": "h2",
      },
      Object {
        "instance": null,
        "key": undefined,
        "nodeType": "host",
        "props": Object {
          "children": Array [
            "Founded: ",
            "N/A",
          ],
        },
        "ref": null,
        "rendered": Array [
          "Founded: ",
          "N/A",
        ],
        "type": "div",
      },
      Object {
        "instance": null,
        "key": undefined,
        "nodeType": "host",
        "props": Object {
          "children": Array [
            "Words ",
            "N/A",
          ],
        },
        "ref": null,
        "rendered": Array [
          "Words ",
          "N/A",
        ],
        "type": "div",
      },
      Object {
        "instance": null,
        "key": undefined,
        "nodeType": "host",
        "props": Object {
          "children": Array [
            "Title: ",
            "Lord of Heart's Home",
          ],
        },
        "ref": null,
        "rendered": Array [
          "Title: ",
          "Lord of Heart's Home",
        ],
        "type": "div",
      },
      Object {
        "instance": null,
        "key": undefined,
        "nodeType": "host",
        "props": Object {
          "children": Array [
            "Title: ",
            "King of the Fingers (historical)",
          ],
        },
        "ref": null,
        "rendered": Array [
          "Title: ",
          "King of the Fingers (historical)",
        ],
        "type": "div",
      },
      Object {
        "instance": null,
        "key": undefined,
        "nodeType": "host",
        "props": Object {
          "children": Array [
            "Seat: ",
            "Heart's Home",
          ],
        },
        "ref": null,
        "rendered": Array [
          "Seat: ",
          "Heart's Home",
        ],
        "type": "div",
      },
      Object {
        "instance": null,
        "key": undefined,
        "nodeType": "host",
        "props": Object {
          "children": Array [
            "Coat of Arms: ",
            "Three black ravens in flight, holding three red hearts, on a white field(Argent, three ravens volant sable, each clutching in their claws a heart gules)",
          ],
        },
        "ref": null,
        "rendered": Array [
          "Coat of Arms: ",
          "Three black ravens in flight, holding three red hearts, on a white field(Argent, three ravens volant sable, each clutching in their claws a heart gules)",
        ],
        "type": "div",
      },
      Object {
        "instance": null,
        "key": undefined,
        "nodeType": "host",
        "props": Object {
          "children": Array [
            "Weapon: ",
            "Lady Forlorn",
          ],
        },
        "ref": null,
        "rendered": Array [
          "Weapon: ",
          "Lady Forlorn",
        ],
        "type": "div",
      },
    ],
    "type": "div",
  },
  Symbol(enzyme.__nodes__): Array [
    Object {
      "instance": null,
      "key": undefined,
      "nodeType": "host",
      "props": Object {
        "children": Array [
          <h2>
            House Corbray of Heart's Home
</h2>,
          <div>
            Founded: 
            N/A
</div>,
          <div>
            Words 
            N/A
</div>,
          Array [
            <div>
              Title: 
              Lord of Heart's Home
</div>,
            <div>
              Title: 
              King of the Fingers (historical)
</div>,
          ],
          Array [
            <div>
              Seat: 
              Heart's Home
</div>,
          ],
          <div>
            Coat of Arms: 
            Three black ravens in flight, holding three red hearts, on a white field(Argent, three ravens volant sable, each clutching in their claws a heart gules)
</div>,
          Array [
            <div>
              Weapon: 
              Lady Forlorn
</div>,
          ],
        ],
        "className": "Card",
      },
      "ref": null,
      "rendered": Array [
        Object {
          "instance": null,
          "key": undefined,
          "nodeType": "host",
          "props": Object {
            "children": "House Corbray of Heart's Home",
          },
          "ref": null,
          "rendered": "House Corbray of Heart's Home",
          "type": "h2",
        },
        Object {
          "instance": null,
          "key": undefined,
          "nodeType": "host",
          "props": Object {
            "children": Array [
              "Founded: ",
              "N/A",
            ],
          },
          "ref": null,
          "rendered": Array [
            "Founded: ",
            "N/A",
          ],
          "type": "div",
        },
        Object {
          "instance": null,
          "key": undefined,
          "nodeType": "host",
          "props": Object {
            "children": Array [
              "Words ",
              "N/A",
            ],
          },
          "ref": null,
          "rendered": Array [
            "Words ",
            "N/A",
          ],
          "type": "div",
        },
        Object {
          "instance": null,
          "key": undefined,
          "nodeType": "host",
          "props": Object {
            "children": Array [
              "Title: ",
              "Lord of Heart's Home",
            ],
          },
          "ref": null,
          "rendered": Array [
            "Title: ",
            "Lord of Heart's Home",
          ],
          "type": "div",
        },
        Object {
          "instance": null,
          "key": undefined,
          "nodeType": "host",
          "props": Object {
            "children": Array [
              "Title: ",
              "King of the Fingers (historical)",
            ],
          },
          "ref": null,
          "rendered": Array [
            "Title: ",
            "King of the Fingers (historical)",
          ],
          "type": "div",
        },
        Object {
          "instance": null,
          "key": undefined,
          "nodeType": "host",
          "props": Object {
            "children": Array [
              "Seat: ",
              "Heart's Home",
            ],
          },
          "ref": null,
          "rendered": Array [
            "Seat: ",
            "Heart's Home",
          ],
          "type": "div",
        },
        Object {
          "instance": null,
          "key": undefined,
          "nodeType": "host",
          "props": Object {
            "children": Array [
              "Coat of Arms: ",
              "Three black ravens in flight, holding three red hearts, on a white field(Argent, three ravens volant sable, each clutching in their claws a heart gules)",
            ],
          },
          "ref": null,
          "rendered": Array [
            "Coat of Arms: ",
            "Three black ravens in flight, holding three red hearts, on a white field(Argent, three ravens volant sable, each clutching in their claws a heart gules)",
          ],
          "type": "div",
        },
        Object {
          "instance": null,
          "key": undefined,
          "nodeType": "host",
          "props": Object {
            "children": Array [
              "Weapon: ",
              "Lady Forlorn",
            ],
          },
          "ref": null,
          "rendered": Array [
            "Weapon: ",
            "Lady Forlorn",
          ],
          "type": "div",
        },
      ],
      "type": "div",
    },
  ],
  Symbol(enzyme.__options__): Object {
    "adapter": ReactSixteenAdapter {
      "options": Object {
        "enableComponentDidUpdateOnSetState": true,
      },
    },
  },
}
`;
